Línea 23: la clase MCLHotkey.VBHotKey del control VBHotKey1 no era una clase de control cargada.
Línea 30: la clase BotonXp.BotónXp del control CmdNuevo no era una clase de control cargada.
Línea 68: la clase HookMenu.ctxHookMenu del control ctxHookMenu1 no era una clase de control cargada.
Línea 448: la clase BotonXp.BotónXp del control CmdInsertar no era una clase de control cargada.
Línea 486: la clase BotonXp.BotónXp del control CmdEliminar no era una clase de control cargada.
Línea 524: la clase BotonXp.BotónXp del control CmdSec no era una clase de control cargada.
Línea 26: el nombre de la propiedad _ExtentX de VBHotKey1 no es válido.
Línea 27: el nombre de la propiedad _ExtentY de VBHotKey1 no es válido.
Línea 28: el nombre de la propiedad VKey de VBHotKey1 no es válido.
Línea 36: el nombre de la propiedad _ExtentX de CmdNuevo no es válido.
Línea 37: el nombre de la propiedad _ExtentY de CmdNuevo no es válido.
Línea 38: el nombre de la propiedad BTYPE de CmdNuevo no es válido.
Línea 39: el nombre de la propiedad TX de CmdNuevo no es válido.
Línea 40: el nombre de la propiedad ENAB de CmdNuevo no es válido.
Línea 50: el nombre de la propiedad COLTYPE de CmdNuevo no es válido.
Línea 51: el nombre de la propiedad FOCUSR de CmdNuevo no es válido.
Línea 52: el nombre de la propiedad BCOL de CmdNuevo no es válido.
Línea 53: el nombre de la propiedad BCOLO de CmdNuevo no es válido.
Línea 54: el nombre de la propiedad FCOL de CmdNuevo no es válido.
Línea 55: el nombre de la propiedad FCOLO de CmdNuevo no es válido.
Línea 56: el nombre de la propiedad MCOL de CmdNuevo no es válido.
Línea 57: el nombre de la propiedad MPTR de CmdNuevo no es válido.
Línea 58: el nombre de la propiedad MICON de CmdNuevo no es válido.
Línea 59: el nombre de la propiedad UMCOL de CmdNuevo no es válido.
Línea 60: el nombre de la propiedad SOFT de CmdNuevo no es válido.
Línea 61: el nombre de la propiedad PICPOS de CmdNuevo no es válido.
Línea 62: el nombre de la propiedad NGREY de CmdNuevo no es válido.
Línea 63: el nombre de la propiedad FX de CmdNuevo no es válido.
Línea 64: el nombre de la propiedad HAND de CmdNuevo no es válido.
Línea 65: el nombre de la propiedad CHECK de CmdNuevo no es válido.
Línea 66: el nombre de la propiedad VALUE de CmdNuevo no es válido.
Línea 71: el nombre de la propiedad _ExtentX de ctxHookMenu1 no es válido.
Línea 72: el nombre de la propiedad _ExtentY de ctxHookMenu1 no es válido.
Línea 73: el nombre de la propiedad BmpCount de ctxHookMenu1 no es válido.
Línea 454: el nombre de la propiedad _ExtentX de CmdInsertar no es válido.
Línea 455: el nombre de la propiedad _ExtentY de CmdInsertar no es válido.
Línea 456: el nombre de la propiedad BTYPE de CmdInsertar no es válido.
Línea 457: el nombre de la propiedad TX de CmdInsertar no es válido.
Línea 458: el nombre de la propiedad ENAB de CmdInsertar no es válido.
Línea 468: el nombre de la propiedad COLTYPE de CmdInsertar no es válido.
Línea 469: el nombre de la propiedad FOCUSR de CmdInsertar no es válido.
Línea 470: el nombre de la propiedad BCOL de CmdInsertar no es válido.
Línea 471: el nombre de la propiedad BCOLO de CmdInsertar no es válido.
Línea 472: el nombre de la propiedad FCOL de CmdInsertar no es válido.
Línea 473: el nombre de la propiedad FCOLO de CmdInsertar no es válido.
Línea 474: el nombre de la propiedad MCOL de CmdInsertar no es válido.
Línea 475: el nombre de la propiedad MPTR de CmdInsertar no es válido.
Línea 476: el nombre de la propiedad MICON de CmdInsertar no es válido.
Línea 477: el nombre de la propiedad UMCOL de CmdInsertar no es válido.
Línea 478: el nombre de la propiedad SOFT de CmdInsertar no es válido.
Línea 479: el nombre de la propiedad PICPOS de CmdInsertar no es válido.
Línea 480: el nombre de la propiedad NGREY de CmdInsertar no es válido.
Línea 481: el nombre de la propiedad FX de CmdInsertar no es válido.
Línea 482: el nombre de la propiedad HAND de CmdInsertar no es válido.
Línea 483: el nombre de la propiedad CHECK de CmdInsertar no es válido.
Línea 484: el nombre de la propiedad VALUE de CmdInsertar no es válido.
Línea 492: el nombre de la propiedad _ExtentX de CmdEliminar no es válido.
Línea 493: el nombre de la propiedad _ExtentY de CmdEliminar no es válido.
Línea 494: el nombre de la propiedad BTYPE de CmdEliminar no es válido.
Línea 495: el nombre de la propiedad TX de CmdEliminar no es válido.
Línea 496: el nombre de la propiedad ENAB de CmdEliminar no es válido.
Línea 506: el nombre de la propiedad COLTYPE de CmdEliminar no es válido.
Línea 507: el nombre de la propiedad FOCUSR de CmdEliminar no es válido.
Línea 508: el nombre de la propiedad BCOL de CmdEliminar no es válido.
Línea 509: el nombre de la propiedad BCOLO de CmdEliminar no es válido.
Línea 510: el nombre de la propiedad FCOL de CmdEliminar no es válido.
Línea 511: el nombre de la propiedad FCOLO de CmdEliminar no es válido.
Línea 512: el nombre de la propiedad MCOL de CmdEliminar no es válido.
Línea 513: el nombre de la propiedad MPTR de CmdEliminar no es válido.
Línea 514: el nombre de la propiedad MICON de CmdEliminar no es válido.
Línea 515: el nombre de la propiedad UMCOL de CmdEliminar no es válido.
Línea 516: el nombre de la propiedad SOFT de CmdEliminar no es válido.
Línea 517: el nombre de la propiedad PICPOS de CmdEliminar no es válido.
Línea 518: el nombre de la propiedad NGREY de CmdEliminar no es válido.
Línea 519: el nombre de la propiedad FX de CmdEliminar no es válido.
Línea 520: el nombre de la propiedad HAND de CmdEliminar no es válido.
Línea 521: el nombre de la propiedad CHECK de CmdEliminar no es válido.
Línea 522: el nombre de la propiedad VALUE de CmdEliminar no es válido.
Línea 530: el nombre de la propiedad _ExtentX de CmdSec no es válido.
Línea 531: el nombre de la propiedad _ExtentY de CmdSec no es válido.
Línea 532: el nombre de la propiedad BTYPE de CmdSec no es válido.
Línea 533: el nombre de la propiedad TX de CmdSec no es válido.
Línea 534: el nombre de la propiedad ENAB de CmdSec no es válido.
Línea 544: el nombre de la propiedad COLTYPE de CmdSec no es válido.
Línea 545: el nombre de la propiedad FOCUSR de CmdSec no es válido.
Línea 546: el nombre de la propiedad BCOL de CmdSec no es válido.
Línea 547: el nombre de la propiedad BCOLO de CmdSec no es válido.
Línea 548: el nombre de la propiedad FCOL de CmdSec no es válido.
Línea 549: el nombre de la propiedad FCOLO de CmdSec no es válido.
Línea 550: el nombre de la propiedad MCOL de CmdSec no es válido.
Línea 551: el nombre de la propiedad MPTR de CmdSec no es válido.
Línea 552: el nombre de la propiedad MICON de CmdSec no es válido.
Línea 553: el nombre de la propiedad UMCOL de CmdSec no es válido.
Línea 554: el nombre de la propiedad SOFT de CmdSec no es válido.
Línea 555: el nombre de la propiedad PICPOS de CmdSec no es válido.
Línea 556: el nombre de la propiedad NGREY de CmdSec no es válido.
Línea 557: el nombre de la propiedad FX de CmdSec no es válido.
Línea 558: el nombre de la propiedad HAND de CmdSec no es válido.
Línea 559: el nombre de la propiedad CHECK de CmdSec no es válido.
Línea 560: el nombre de la propiedad VALUE de CmdSec no es válido.
